Child 0 exits with 42
Child 10 exits with 0
Child 11 exits with 0
Child 12 exits with 0
Child 13 exits with 0
Child 14 exits with 0
Child 15 exits with 0
Child 16 exits with 0
Child 17 exits with 0
Child 18 exits with 0
Child 19 exits with 42
Child 1 exits with 0
Child 2 exits with 0
Child 3 exits with 0
Child 4 exits with 0
Child 5 exits with 0
Child 6 exits with 0
Child 7 exits with 0
Child 8 exits with 0
Child 9 exits with 0
Result from 0, step 0: 100.000
Result from 0, step 10: 100.000
Result from 0, step 1: 100.000
Result from 0, step 11: 100.000
Result from 0, step 12: 100.000
Result from 0, step 13: 100.000
Result from 0, step 14: 100.000
Result from 0, step 15: 100.000
Result from 0, step 16: 100.000
Result from 0, step 17: 100.000
Result from 0, step 18: 100.000
Result from 0, step 19: 100.000
Result from 0, step 20: 100.000
Result from 0, step 2: 100.000
Result from 0, step 21: 100.000
Result from 0, step 22: 100.000
Result from 0, step 23: 100.000
Result from 0, step 24: 100.000
Result from 0, step 25: 100.000
Result from 0, step 26: 100.000
Result from 0, step 27: 100.000
Result from 0, step 28: 100.000
Result from 0, step 29: 100.000
Result from 0, step 30: 100.000
Result from 0, step 3: 100.000
Result from 0, step 4: 100.000
Result from 0, step 5: 100.000
Result from 0, step 6: 100.000
Result from 0, step 7: 100.000
Result from 0, step 8: 100.000
Result from 0, step 9: 100.000
Result from 10, step 0: 0.000
Result from 10, step 1: 0.000
Result from 10, step 10: 0.488
Result from 10, step 11: 1.367
Result from 10, step 12: 1.611
Result from 10, step 13: 2.930
Result from 10, step 14: 3.326
Result from 10, step 15: 4.993
Result from 10, step 16: 5.527
Result from 10, step 17: 7.449
Result from 10, step 18: 8.098
Result from 10, step 19: 10.199
Result from 10, step 2: 0.000
Result from 10, step 20: 10.938
Result from 10, step 21: 13.156
Result from 10, step 22: 13.965
Result from 10, step 23: 16.252
Result from 10, step 24: 17.111
Result from 10, step 25: 19.432
Result from 10, step 26: 20.328
Result from 10, step 27: 22.656
Result from 10, step 28: 23.575
Result from 10, step 29: 25.890
Result from 10, step 3: 0.000
Result from 10, step 30: 26.823
Result from 10, step 4: 0.000
Result from 10, step 5: 0.000
Result from 10, step 6: 0.000
Result from 10, step 7: 0.000
Result from 10, step 8: 0.000
Result from 10, step 9: 0.391
Result from 11, step 0: 0.000
Result from 11, step 1: 0.000
Result from 11, step 10: 2.344
Result from 11, step 11: 2.393
Result from 11, step 12: 4.541
Result from 11, step 13: 4.675
Result from 11, step 14: 7.214
Result from 11, step 15: 7.449
Result from 11, step 16: 10.226
Result from 11, step 17: 10.562
Result from 11, step 18: 13.467
Result from 11, step 19: 13.895
Result from 11, step 2: 0.000
Result from 11, step 20: 16.853
Result from 11, step 21: 17.361
Result from 11, step 22: 20.318
Result from 11, step 23: 20.894
Result from 11, step 24: 23.816
Result from 11, step 25: 24.446
Result from 11, step 26: 27.312
Result from 11, step 27: 27.985
Result from 11, step 28: 30.779
Result from 11, step 29: 31.487
Result from 11, step 3: 0.000
Result from 11, step 30: 34.200
Result from 11, step 4: 0.000
Result from 11, step 5: 0.000
Result from 11, step 6: 0.000
Result from 11, step 7: 0.000
Result from 11, step 8: 0.781
Result from 11, step 9: 0.781
Result from 12, step 0: 0.000
Result from 12, step 1: 0.000
Result from 12, step 10: 4.297
Result from 12, step 11: 7.715
Result from 12, step 12: 7.739
Result from 12, step 13: 11.499
Result from 12, step 14: 11.572
Result from 12, step 15: 15.460
Result from 12, step 16: 15.598
Result from 12, step 17: 19.485
Result from 12, step 18: 19.693
Result from 12, step 19: 23.506
Result from 12, step 2: 0.000
Result from 12, step 20: 23.783
Result from 12, step 21: 27.480
Result from 12, step 22: 27.822
Result from 12, step 23: 31.380
Result from 12, step 24: 31.781
Result from 12, step 25: 35.191
Result from 12, step 26: 35.643
Result from 12, step 27: 38.902
Result from 12, step 28: 39.399
Result from 12, step 29: 42.510
Result from 12, step 3: 0.000
Result from 12, step 30: 43.043
Result from 12, step 4: 0.000
Result from 12, step 5: 0.000
Result from 12, step 6: 0.000
Result from 12, step 7: 1.562
Result from 12, step 8: 1.562
Result from 12, step 9: 4.297
Result from 13, step 0: 0.000
Result from 13, step 1: 0.000
Result from 13, step 10: 13.086
Result from 13, step 11: 13.086
Result from 13, step 12: 18.457
Result from 13, step 13: 18.469
Result from 13, step 14: 23.706
Result from 13, step 15: 23.746
Result from 13, step 16: 28.745
Result from 13, step 17: 28.824
Result from 13, step 18: 33.545
Result from 13, step 19: 33.671
Result from 13, step 2: 0.000
Result from 13, step 20: 38.107
Result from 13, step 21: 38.284
Result from 13, step 22: 42.442
Result from 13, step 23: 42.669
Result from 13, step 24: 46.566
Result from 13, step 25: 46.840
Result from 13, step 26: 50.493
Result from 13, step 27: 50.812
Result from 13, step 28: 54.240
Result from 13, step 29: 54.599
Result from 13, step 3: 0.000
Result from 13, step 30: 57.821
Result from 13, step 4: 0.000
Result from 13, step 5: 0.000
Result from 13, step 6: 3.125
Result from 13, step 7: 3.125
Result from 13, step 8: 7.812
Result from 13, step 9: 7.812
Result from 14, step 0: 0.000
Result from 14, step 1: 0.000
Result from 14, step 10: 21.875
Result from 14, step 11: 29.199
Result from 14, step 12: 29.199
Result from 14, step 13: 35.913
Result from 14, step 14: 35.919
Result from 14, step 15: 42.029
Result from 14, step 16: 42.050
Result from 14, step 17: 47.604
Result from 14, step 18: 47.650
Result from 14, step 19: 52.708
Result from 14, step 2: 0.000
Result from 14, step 20: 52.784
Result from 14, step 21: 57.405
Result from 14, step 22: 57.516
Result from 14, step 23: 61.751
Result from 14, step 24: 61.899
Result from 14, step 25: 65.796
Result from 14, step 26: 65.980
Result from 14, step 27: 69.578
Result from 14, step 28: 69.799
Result from 14, step 29: 73.132
Result from 14, step 3: 0.000
Result from 14, step 30: 73.386
Result from 14, step 4: 0.000
Result from 14, step 5: 6.250
Result from 14, step 6: 6.250
Result from 14, step 7: 14.062
Result from 14, step 8: 14.062
Result from 14, step 9: 21.875
Result from 15, step 0: 0.000
Result from 15, step 1: 0.000
Result from 15, step 10: 45.312
Result from 15, step 11: 45.312
Result from 15, step 12: 53.369
Result from 15, step 13: 53.369
Result from 15, step 14: 60.352
Result from 15, step 15: 60.355
Result from 15, step 16: 66.464
Result from 15, step 17: 66.476
Result from 15, step 18: 71.871
Result from 15, step 19: 71.897
Result from 15, step 2: 0.000
Result from 15, step 20: 76.702
Result from 15, step 21: 76.748
Result from 15, step 22: 81.060
Result from 15, step 23: 81.129
Result from 15, step 24: 85.026
Result from 15, step 25: 85.121
Result from 15, step 26: 88.663
Result from 15, step 27: 88.785
Result from 15, step 28: 92.023
Result from 15, step 29: 92.173
Result from 15, step 3: 0.000
Result from 15, step 30: 95.147
Result from 15, step 4: 12.500
Result from 15, step 5: 12.500
Result from 15, step 6: 25.000
Result from 15, step 7: 25.000
Result from 15, step 8: 35.938
Result from 15, step 9: 35.938
Result from 16, step 0: 0.000
Result from 16, step 1: 0.000
Result from 16, step 10: 68.750
Result from 16, step 11: 77.539
Result from 16, step 12: 77.539
Result from 16, step 13: 84.790
Result from 16, step 14: 84.790
Result from 16, step 15: 90.900
Result from 16, step 16: 90.901
Result from 16, step 17: 96.138
Result from 16, step 18: 96.144
Result from 16, step 19: 100.697
Result from 16, step 2: 0.000
Result from 16, step 20: 100.711
Result from 16, step 21: 104.716
Result from 16, step 22: 104.742
Result from 16, step 23: 108.300
Result from 16, step 24: 108.342
Result from 16, step 25: 111.530
Result from 16, step 26: 111.590
Result from 16, step 27: 114.468
Result from 16, step 28: 114.548
Result from 16, step 29: 117.163
Result from 16, step 30: 117.262
Result from 16, step 3: 25.000
Result from 16, step 4: 25.000
Result from 16, step 5: 43.750
Result from 16, step 6: 43.750
Result from 16, step 7: 57.812
Result from 16, step 8: 57.812
Result from 16, step 9: 68.750
Result from 17, step 0: 0.000
Result from 17, step 1: 0.000
Result from 17, step 10: 109.766
Result from 17, step 11: 109.766
Result from 17, step 12: 116.211
Result from 17, step 13: 116.211
Result from 17, step 14: 121.448
Result from 17, step 15: 121.448
Result from 17, step 16: 125.812
Result from 17, step 17: 125.813
Result from 17, step 18: 129.522
Result from 17, step 19: 129.525
Result from 17, step 20: 132.729
Result from 17, step 21: 132.737
Result from 17, step 22: 135.540
Result from 17, step 23: 135.555
Result from 17, step 24: 138.035
Result from 17, step 2: 50.000
Result from 17, step 25: 138.060
Result from 17, step 26: 140.274
Result from 17, step 27: 140.310
Result from 17, step 28: 142.303
Result from 17, step 29: 142.351
Result from 17, step 30: 144.157
Result from 17, step 3: 50.000
Result from 17, step 4: 75.000
Result from 17, step 5: 75.000
Result from 17, step 6: 90.625
Result from 17, step 7: 90.625
Result from 17, step 8: 101.562
Result from 17, step 9: 101.562
Result from 18, step 0: 0.000
Result from 18, step 10: 150.781
Result from 18, step 1: 100.000
Result from 18, step 11: 154.883
Result from 18, step 12: 154.883
Result from 18, step 13: 158.105
Result from 18, step 14: 158.105
Result from 18, step 15: 160.724
Result from 18, step 16: 160.724
Result from 18, step 17: 162.906
Result from 18, step 18: 162.906
Result from 18, step 19: 164.761
Result from 18, step 20: 164.763
Result from 18, step 2: 100.000
Result from 18, step 21: 166.364
Result from 18, step 22: 166.368
Result from 18, step 23: 167.770
Result from 18, step 24: 167.778
Result from 18, step 25: 169.018
Result from 18, step 26: 169.030
Result from 18, step 27: 170.137
Result from 18, step 28: 170.155
Result from 18, step 29: 171.151
Result from 18, step 30: 171.176
Result from 18, step 3: 125.000
Result from 18, step 4: 125.000
Result from 18, step 5: 137.500
Result from 18, step 6: 137.500
Result from 18, step 7: 145.312
Result from 18, step 8: 145.312
Result from 18, step 9: 150.781
Result from 19, step 0: 200.000
Result from 19, step 10: 200.000
Result from 19, step 11: 200.000
Result from 19, step 1: 200.000
Result from 19, step 12: 200.000
Result from 19, step 13: 200.000
Result from 19, step 14: 200.000
Result from 19, step 15: 200.000
Result from 19, step 16: 200.000
Result from 19, step 17: 200.000
Result from 19, step 18: 200.000
Result from 19, step 19: 200.000
Result from 19, step 20: 200.000
Result from 19, step 21: 200.000
Result from 19, step 2: 200.000
Result from 19, step 22: 200.000
Result from 19, step 23: 200.000
Result from 19, step 24: 200.000
Result from 19, step 25: 200.000
Result from 19, step 26: 200.000
Result from 19, step 27: 200.000
Result from 19, step 28: 200.000
Result from 19, step 29: 200.000
Result from 19, step 30: 200.000
Result from 19, step 3: 200.000
Result from 19, step 4: 200.000
Result from 19, step 5: 200.000
Result from 19, step 6: 200.000
Result from 19, step 7: 200.000
Result from 19, step 8: 200.000
Result from 19, step 9: 200.000
Result from 1, step 0: 0.000
Result from 1, step 10: 75.391
Result from 1, step 11: 77.441
Result from 1, step 12: 77.441
Result from 1, step 13: 79.053
Result from 1, step 14: 79.053
Result from 1, step 1: 50.000
Result from 1, step 15: 80.362
Result from 1, step 16: 80.362
Result from 1, step 17: 81.453
Result from 1, step 18: 81.454
Result from 1, step 19: 82.381
Result from 1, step 20: 82.384
Result from 1, step 21: 83.185
Result from 1, step 22: 83.193
Result from 1, step 23: 83.894
Result from 1, step 24: 83.909
Result from 1, step 2: 50.000
Result from 1, step 25: 84.529
Result from 1, step 26: 84.554
Result from 1, step 27: 85.108
Result from 1, step 28: 85.144
Result from 1, step 29: 85.642
Result from 1, step 30: 85.691
Result from 1, step 3: 62.500
Result from 1, step 4: 62.500
Result from 1, step 5: 68.750
Result from 1, step 6: 68.750
Result from 1, step 7: 72.656
Result from 1, step 8: 72.656
Result from 1, step 9: 75.391
Result from 2, step 0: 0.000
Result from 2, step 1: 0.000
Result from 2, step 10: 54.883
Result from 2, step 11: 54.883
Result from 2, step 12: 58.105
Result from 2, step 13: 58.105
Result from 2, step 14: 60.724
Result from 2, step 15: 60.724
Result from 2, step 16: 62.906
Result from 2, step 17: 62.907
Result from 2, step 18: 64.762
Result from 2, step 19: 64.769
Result from 2, step 20: 66.370
Result from 2, step 21: 66.387
Result from 2, step 2: 25.000
Result from 2, step 22: 67.788
Result from 2, step 23: 67.819
Result from 2, step 24: 69.059
Result from 2, step 25: 69.108
Result from 2, step 26: 70.215
Result from 2, step 27: 70.288
Result from 2, step 28: 71.284
Result from 2, step 29: 71.381
Result from 2, step 30: 72.284
Result from 2, step 3: 25.000
Result from 2, step 4: 37.500
Result from 2, step 5: 37.500
Result from 2, step 6: 45.312
Result from 2, step 7: 45.312
Result from 2, step 8: 50.781
Result from 2, step 9: 50.781
Result from 3, step 0: 0.000
Result from 3, step 1: 0.000
Result from 3, step 10: 34.375
Result from 3, step 11: 38.770
Result from 3, step 12: 38.770
Result from 3, step 13: 42.395
Result from 3, step 14: 42.395
Result from 3, step 15: 45.450
Result from 3, step 16: 45.453
Result from 3, step 17: 48.071
Result from 3, step 18: 48.083
Result from 3, step 19: 50.360
Result from 3, step 2: 0.000
Result from 3, step 20: 50.389
Result from 3, step 21: 52.391
Result from 3, step 22: 52.444
Result from 3, step 23: 54.223
Result from 3, step 24: 54.307
Result from 3, step 25: 55.902
Result from 3, step 26: 56.021
Result from 3, step 27: 57.460
Result from 3, step 28: 57.619
Result from 3, step 29: 58.927
Result from 3, step 30: 59.125
Result from 3, step 3: 12.500
Result from 3, step 4: 12.500
Result from 3, step 5: 21.875
Result from 3, step 6: 21.875
Result from 3, step 7: 28.906
Result from 3, step 8: 28.906
Result from 3, step 9: 34.375
Result from 4, step 0: 0.000
Result from 4, step 1: 0.000
Result from 4, step 10: 22.656
Result from 4, step 11: 22.656
Result from 4, step 12: 26.685
Result from 4, step 13: 26.685
Result from 4, step 14: 30.176
Result from 4, step 15: 30.182
Result from 4, step 16: 33.237
Result from 4, step 17: 33.260
Result from 4, step 18: 35.957
Result from 4, step 19: 36.009
Result from 4, step 2: 0.000
Result from 4, step 20: 38.412
Result from 4, step 21: 38.502
Result from 4, step 22: 40.658
Result from 4, step 23: 40.796
Result from 4, step 24: 42.744
Result from 4, step 25: 42.934
Result from 4, step 26: 44.705
Result from 4, step 27: 44.950
Result from 4, step 28: 46.569
Result from 4, step 29: 46.869
Result from 4, step 3: 0.000
Result from 4, step 30: 48.356
Result from 4, step 4: 6.250
Result from 4, step 5: 6.250
Result from 4, step 6: 12.500
Result from 4, step 7: 12.500
Result from 4, step 8: 17.969
Result from 4, step 9: 17.969
Result from 5, step 0: 0.000
Result from 5, step 1: 0.000
Result from 5, step 10: 10.938
Result from 5, step 11: 14.600
Result from 5, step 12: 14.600
Result from 5, step 13: 17.957
Result from 5, step 14: 17.969
Result from 5, step 15: 21.024
Result from 5, step 16: 21.066
Result from 5, step 17: 23.843
Result from 5, step 18: 23.934
Result from 5, step 19: 26.463
Result from 5, step 2: 0.000
Result from 5, step 20: 26.616
Result from 5, step 21: 28.926
Result from 5, step 22: 29.148
Result from 5, step 23: 31.266
Result from 5, step 24: 31.561
Result from 5, step 25: 33.509
Result from 5, step 26: 33.879
Result from 5, step 27: 35.678
Result from 5, step 28: 36.119
Result from 5, step 29: 37.785
Result from 5, step 3: 0.000
Result from 5, step 30: 38.293
Result from 5, step 4: 0.000
Result from 5, step 5: 3.125
Result from 5, step 6: 3.125
Result from 5, step 7: 7.031
Result from 5, step 8: 7.031
Result from 5, step 9: 10.938
Result from 6, step 0: 0.000
Result from 6, step 1: 0.000
Result from 6, step 10: 6.543
Result from 6, step 11: 6.543
Result from 6, step 12: 9.229
Result from 6, step 13: 9.253
Result from 6, step 14: 11.871
Result from 6, step 15: 11.951
Result from 6, step 16: 14.450
Result from 6, step 17: 14.609
Result from 6, step 18: 16.969
Result from 6, step 19: 17.222
Result from 6, step 2: 0.000
Result from 6, step 20: 19.440
Result from 6, step 21: 19.793
Result from 6, step 22: 21.873
Result from 6, step 23: 22.326
Result from 6, step 24: 24.274
Result from 6, step 25: 24.823
Result from 6, step 26: 26.650
Result from 6, step 27: 27.287
Result from 6, step 28: 29.001
Result from 6, step 29: 29.718
Result from 6, step 3: 0.000
Result from 6, step 30: 31.329
Result from 6, step 4: 0.000
Result from 6, step 5: 0.000
Result from 6, step 6: 1.562
Result from 6, step 7: 1.562
Result from 6, step 8: 3.906
Result from 6, step 9: 3.906
Result from 7, step 0: 0.000
Result from 7, step 1: 0.000
Result from 7, step 10: 2.148
Result from 7, step 11: 3.857
Result from 7, step 12: 3.906
Result from 7, step 13: 5.786
Result from 7, step 14: 5.933
Result from 7, step 15: 7.877
Result from 7, step 16: 8.151
Result from 7, step 17: 10.095
Result from 7, step 18: 10.510
Result from 7, step 19: 12.417
Result from 7, step 2: 0.000
Result from 7, step 20: 12.971
Result from 7, step 21: 14.820
Result from 7, step 22: 15.504
Result from 7, step 23: 17.283
Result from 7, step 24: 18.086
Result from 7, step 25: 19.790
Result from 7, step 26: 20.695
Result from 7, step 27: 22.325
Result from 7, step 28: 23.317
Result from 7, step 29: 24.873
Result from 7, step 3: 0.000
Result from 7, step 30: 25.939
Result from 7, step 4: 0.000
Result from 7, step 5: 0.000
Result from 7, step 6: 0.000
Result from 7, step 7: 0.781
Result from 7, step 8: 0.781
Result from 7, step 9: 2.148
Result from 8, step 0: 0.000
Result from 8, step 1: 0.000
Result from 8, step 10: 1.172
Result from 8, step 11: 1.270
Result from 8, step 12: 2.344
Result from 8, step 13: 2.612
Result from 8, step 14: 3.882
Result from 8, step 15: 4.352
Result from 8, step 16: 5.740
Result from 8, step 17: 6.412
Result from 8, step 18: 7.864
Result from 8, step 19: 8.720
Result from 8, step 2: 0.000
Result from 8, step 20: 10.199
Result from 8, step 21: 11.215
Result from 8, step 22: 12.694
Result from 8, step 23: 13.845
Result from 8, step 24: 15.306
Result from 8, step 25: 16.567
Result from 8, step 26: 18.000
Result from 8, step 27: 19.347
Result from 8, step 28: 20.744
Result from 8, step 29: 22.159
Result from 8, step 3: 0.000
Result from 8, step 30: 23.516
Result from 8, step 4: 0.000
Result from 8, step 5: 0.000
Result from 8, step 6: 0.000
Result from 8, step 7: 0.000
Result from 8, step 8: 0.391
Result from 8, step 9: 0.391
Result from 9, step 0: 0.000
Result from 9, step 1: 0.000
Result from 9, step 10: 0.391
Result from 9, step 11: 0.830
Result from 9, step 12: 1.318
Result from 9, step 13: 1.978
Result from 9, step 14: 2.771
Result from 9, step 15: 3.604
Result from 9, step 16: 4.672
Result from 9, step 17: 5.634
Result from 9, step 18: 6.931
Result from 9, step 19: 7.981
Result from 9, step 2: 0.000
Result from 9, step 20: 9.460
Result from 9, step 21: 10.569
Result from 9, step 22: 12.186
Result from 9, step 23: 13.329
Result from 9, step 24: 15.049
Result from 9, step 25: 16.209
Result from 9, step 26: 18.000
Result from 9, step 27: 19.164
Result from 9, step 28: 21.002
Result from 9, step 29: 22.159
Result from 9, step 3: 0.000
Result from 9, step 30: 24.025
Result from 9, step 4: 0.000
Result from 9, step 5: 0.000
Result from 9, step 6: 0.000
Result from 9, step 7: 0.000
Result from 9, step 8: 0.000
Result from 9, step 9: 0.195
