Child 0 exits with 42
Child 1 exits with 0
Child 2 exits with 0
Child 3 exits with 0
Child 4 exits with 42
