Child 0 exits with 42
Child 1 exits with 42
Result from 0, step 0: 10.000
Result from 0, step 1: 10.000
Result from 0, step 2: 10.000
Result from 0, step 3: 10.000
Result from 1, step 0: 20.000
Result from 1, step 1: 20.000
Result from 1, step 2: 20.000
Result from 1, step 3: 20.000
